../Core/Src/main.c:99:5:main	8	static
../Core/Src/main.c:191:6:SystemClock_Config	72	static
../Core/Src/main.c:228:13:MX_GPIO_Init	32	static
../Core/Src/main.c:252:6:AccessSharedData	8	static
../Core/Src/main.c:271:6:SimulateReadWriteOperation	16	static,ignoring_inline_asm
../Core/Src/main.c:289:6:StartDefaultTask	16	static
../Core/Src/main.c:307:6:GreenLedTask	16	static
../Core/Src/main.c:340:6:RedLedTask	16	static
../Core/Src/main.c:373:6:OrangeLedTask	16	static
../Core/Src/main.c:389:6:Error_Handler	4	static,ignoring_inline_asm
