../Core/Src/main.c:99:5:main	8	static
../Core/Src/main.c:190:6:SystemClock_Config	72	static
../Core/Src/main.c:227:13:MX_GPIO_Init	32	static
../Core/Src/main.c:251:6:AccessSharedData	8	static
../Core/Src/main.c:270:6:SimulateReadWriteOperation	16	static,ignoring_inline_asm
../Core/Src/main.c:288:6:StartDefaultTask	16	static
../Core/Src/main.c:306:6:GreenLedTask	16	static
../Core/Src/main.c:339:6:RedLedTask	16	static
../Core/Src/main.c:372:6:OrangeLedTask	16	static
../Core/Src/main.c:388:6:Error_Handler	4	static,ignoring_inline_asm
